- BandUPpy version: 1.0.0
========================================================================
- Generating SC Kpoints...
========================================================================
- Folding info:
-- Total number of unique PC kpoints: 69 (66 unique)
-- 66 unique PC k-points => 65 unique SC K-points
-- Percentage folding: 1.515 %
========================================================================
- Special k-points (pos_index, label): {0: 'L', 20: 'G', 21: 'G', 41: 'X', 42: 'X', 47: 'U', 48: 'K', 68: 'G'}
========================================================================
- K-k relation: (K index: K -> k index unique: k unique -> k index: k)
--     0:  0.00000000    0.00000000    0.00000000
	---     0:  0.00000000    0.00000000    0.00000000
		----    20:  0.00000000    0.00000000    0.00000000
		----    21:  0.00000000    0.00000000    0.00000000
		----    68:  0.00000000    0.00000000    0.00000000
	---    59:  0.50000000    0.00000000    0.50000000
		----    41:  0.50000000    0.00000000    0.50000000
		----    42:  0.50000000    0.00000000    0.50000000
--     1:  0.00000000    0.05000000    0.00000000
	---     2:  0.02500000    0.00000000    0.02500000
		----    22:  0.02500000    0.00000000    0.02500000
--     2:  0.00000000    0.10000000    0.00000000
	---     5:  0.05000000    0.00000000    0.05000000
		----    23:  0.05000000    0.00000000    0.05000000
--     3:  0.00000000    0.15000000    0.00000000
	---     8:  0.07500000    0.00000000    0.07500000
		----    24:  0.07500000    0.00000000    0.07500000
--     4:  0.00000000    0.20000000    0.00000000
	---    12:  0.10000000    0.00000000    0.10000000
		----    25:  0.10000000    0.00000000    0.10000000
--     5:  0.00000000    0.25000000    0.00000000
	---    15:  0.12500000    0.00000000    0.12500000
		----    26:  0.12500000    0.00000000    0.12500000
--     6:  0.00000000    0.30000000    0.00000000
	---    18:  0.15000000    0.00000000    0.15000000
		----    27:  0.15000000    0.00000000    0.15000000
--     7:  0.00000000    0.35000000    0.00000000
	---    22:  0.17500000    0.00000000    0.17500000
		----    28:  0.17500000    0.00000000    0.17500000
--     8:  0.00000000    0.40000000    0.00000000
	---    25:  0.20000000    0.00000000    0.20000000
		----    29:  0.20000000    0.00000000    0.20000000
--     9:  0.00000000    0.45000000    0.00000000
	---    28:  0.22500000    0.00000000    0.22500000
		----    30:  0.22500000    0.00000000    0.22500000
--    10:  0.00000000    0.50000000    0.00000000
	---    32:  0.25000000    0.00000000    0.25000000
		----    31:  0.25000000    0.00000000    0.25000000
--    11:  0.00000000    0.55000000    0.00000000
	---    35:  0.27500000    0.00000000    0.27500000
		----    32:  0.27500000    0.00000000    0.27500000
--    12:  0.00000000    0.60000000    0.00000000
	---    38:  0.30000000    0.00000000    0.30000000
		----    33:  0.30000000    0.00000000    0.30000000
--    13:  0.00000000    0.65000000    0.00000000
	---    42:  0.32500000    0.00000000    0.32500000
		----    34:  0.32500000    0.00000000    0.32500000
--    14:  0.00000000    0.70000000    0.00000000
	---    45:  0.35000000    0.00000000    0.35000000
		----    35:  0.35000000    0.00000000    0.35000000
--    15:  0.00000000    0.75000000    0.00000000
	---    48:  0.37500000    0.00000000    0.37500000
		----    36:  0.37500000    0.00000000    0.37500000
--    16:  0.00000000    0.80000000    0.00000000
	---    51:  0.40000000    0.00000000    0.40000000
		----    37:  0.40000000    0.00000000    0.40000000
--    17:  0.00000000    0.85000000    0.00000000
	---    53:  0.42500000    0.00000000    0.42500000
		----    38:  0.42500000    0.00000000    0.42500000
--    18:  0.00000000    0.90000000    0.00000000
	---    55:  0.45000000    0.00000000    0.45000000
		----    39:  0.45000000    0.00000000    0.45000000
--    19:  0.00000000    0.95000000    0.00000000
	---    57:  0.47500000    0.00000000    0.47500000
		----    40:  0.47500000    0.00000000    0.47500000
--    20:  0.02500000    0.02500000    0.02500000
	---     3:  0.02500000    0.02500000    0.02500000
		----    19:  0.02500000    0.02500000    0.02500000
--    21:  0.03750000    0.03750000    0.00000000
	---     1:  0.01875000    0.01875000    0.03750000
		----    67:  0.01875000    0.01875000    0.03750000
--    22:  0.05000000    0.00000000    0.05000000
	---    61:  0.52500000    0.05000000    0.52500000
		----    43:  0.52500000    0.05000000    0.52500000
--    23:  0.05000000    0.05000000    0.05000000
	---     6:  0.05000000    0.05000000    0.05000000
		----    18:  0.05000000    0.05000000    0.05000000
--    24:  0.07500000    0.07500000    0.00000000
	---     4:  0.03750000    0.03750000    0.07500000
		----    66:  0.03750000    0.03750000    0.07500000
--    25:  0.07500000    0.07500000    0.07500000
	---     9:  0.07500000    0.07500000    0.07500000
		----    17:  0.07500000    0.07500000    0.07500000
--    26:  0.10000000    0.00000000    0.10000000
	---    62:  0.55000000    0.10000000    0.55000000
		----    44:  0.55000000    0.10000000    0.55000000
--    27:  0.10000000    0.10000000    0.10000000
	---    13:  0.10000000    0.10000000    0.10000000
		----    16:  0.10000000    0.10000000    0.10000000
--    28:  0.11250000    0.11250000    0.00000000
	---     7:  0.05625000    0.05625000    0.11250000
		----    65:  0.05625000    0.05625000    0.11250000
--    29:  0.12500000    0.12500000    0.12500000
	---    16:  0.12500000    0.12500000    0.12500000
		----    15:  0.12500000    0.12500000    0.12500000
--    30:  0.15000000    0.15000000    0.00000000
	---    10:  0.07500000    0.07500000    0.15000000
		----    64:  0.07500000    0.07500000    0.15000000
--    31:  0.15000000    0.15000000    0.15000000
	---    19:  0.15000000    0.15000000    0.15000000
		----    14:  0.15000000    0.15000000    0.15000000
--    32:  0.15000000    1.00000000    0.15000000
	---    63:  0.57500000    0.15000000    0.57500000
		----    45:  0.57500000    0.15000000    0.57500000
--    33:  0.17500000    0.17500000    0.17500000
	---    23:  0.17500000    0.17500000    0.17500000
		----    13:  0.17500000    0.17500000    0.17500000
--    34:  0.18750000    0.18750000    0.00000000
	---    11:  0.09375000    0.09375000    0.18750000
		----    63:  0.09375000    0.09375000    0.18750000
--    35:  0.20000000    0.00000000    0.20000000
	---    64:  0.60000000    0.20000000    0.60000000
		----    46:  0.60000000    0.20000000    0.60000000
--    36:  0.20000000    0.20000000    0.20000000
	---    26:  0.20000000    0.20000000    0.20000000
		----    12:  0.20000000    0.20000000    0.20000000
--    37:  0.22500000    0.22500000    0.00000000
	---    14:  0.11250000    0.11250000    0.22500000
		----    62:  0.11250000    0.11250000    0.22500000
--    38:  0.22500000    0.22500000    0.22500000
	---    29:  0.22500000    0.22500000    0.22500000
		----    11:  0.22500000    0.22500000    0.22500000
--    39:  0.25000000    0.00000000    0.25000000
	---    65:  0.62500000    0.25000000    0.62500000
		----    47:  0.62500000    0.25000000    0.62500000
--    40:  0.25000000    0.25000000    0.25000000
	---    33:  0.25000000    0.25000000    0.25000000
		----    10:  0.25000000    0.25000000    0.25000000
--    41:  0.26250000    0.26250000    0.00000000
	---    17:  0.13125000    0.13125000    0.26250000
		----    61:  0.13125000    0.13125000    0.26250000
--    42:  0.27500000    0.27500000    0.27500000
	---    36:  0.27500000    0.27500000    0.27500000
		----     9:  0.27500000    0.27500000    0.27500000
--    43:  0.30000000    0.30000000    0.00000000
	---    20:  0.15000000    0.15000000    0.30000000
		----    60:  0.15000000    0.15000000    0.30000000
--    44:  0.30000000    0.30000000    0.30000000
	---    39:  0.30000000    0.30000000    0.30000000
		----     8:  0.30000000    0.30000000    0.30000000
--    45:  0.32500000    0.32500000    0.32500000
	---    43:  0.32500000    0.32500000    0.32500000
		----     7:  0.32500000    0.32500000    0.32500000
--    46:  0.33750000    0.33750000    0.00000000
	---    21:  0.16875000    0.16875000    0.33750000
		----    59:  0.16875000    0.16875000    0.33750000
--    47:  0.35000000    0.35000000    0.35000000
	---    46:  0.35000000    0.35000000    0.35000000
		----     6:  0.35000000    0.35000000    0.35000000
--    48:  0.37500000    0.37500000    0.00000000
	---    24:  0.18750000    0.18750000    0.37500000
		----    58:  0.18750000    0.18750000    0.37500000
--    49:  0.37500000    0.37500000    0.37500000
	---    49:  0.37500000    0.37500000    0.37500000
		----     5:  0.37500000    0.37500000    0.37500000
--    50:  0.40000000    0.40000000    0.40000000
	---    52:  0.40000000    0.40000000    0.40000000
		----     4:  0.40000000    0.40000000    0.40000000
--    51:  0.41250000    0.41250000    0.00000000
	---    27:  0.20625000    0.20625000    0.41250000
		----    57:  0.20625000    0.20625000    0.41250000
--    52:  0.42500000    0.42500000    0.42500000
	---    54:  0.42500000    0.42500000    0.42500000
		----     3:  0.42500000    0.42500000    0.42500000
--    53:  0.45000000    0.45000000    0.00000000
	---    30:  0.22500000    0.22500000    0.45000000
		----    56:  0.22500000    0.22500000    0.45000000
--    54:  0.45000000    0.45000000    0.45000000
	---    56:  0.45000000    0.45000000    0.45000000
		----     2:  0.45000000    0.45000000    0.45000000
--    55:  0.47500000    0.47500000    0.47500000
	---    58:  0.47500000    0.47500000    0.47500000
		----     1:  0.47500000    0.47500000    0.47500000
--    56:  0.48750000    0.48750000    0.00000000
	---    31:  0.24375000    0.24375000    0.48750000
		----    55:  0.24375000    0.24375000    0.48750000
--    57:  0.50000000    0.50000000    0.50000000
	---    60:  0.50000000    0.50000000    0.50000000
		----     0:  0.50000000    0.50000000    0.50000000
--    58:  0.52500000    0.52500000    0.00000000
	---    34:  0.26250000    0.26250000    0.52500000
		----    54:  0.26250000    0.26250000    0.52500000
--    59:  0.56250000    0.56250000    0.00000000
	---    37:  0.28125000    0.28125000    0.56250000
		----    53:  0.28125000    0.28125000    0.56250000
--    60:  0.60000000    0.60000000    0.00000000
	---    40:  0.30000000    0.30000000    0.60000000
		----    52:  0.30000000    0.30000000    0.60000000
--    61:  0.63750000    0.63750000    0.00000000
	---    41:  0.31875000    0.31875000    0.63750000
		----    51:  0.31875000    0.31875000    0.63750000
--    62:  0.67500000    0.67500000    0.00000000
	---    44:  0.33750000    0.33750000    0.67500000
		----    50:  0.33750000    0.33750000    0.67500000
--    63:  0.71250000    0.71250000    0.00000000
	---    47:  0.35625000    0.35625000    0.71250000
		----    49:  0.35625000    0.35625000    0.71250000
--    64:  0.75000000    0.75000000    0.00000000
	---    50:  0.37500000    0.37500000    0.75000000
		----    48:  0.37500000    0.37500000    0.75000000
========================================================================
- Saving SC Kpoints to file....
-- Filepath: /local/GitHub/TestBandUPpy/Vasp/Si/input/KPOINTS_SC
- Done
========================================================================
- Saving special kpoints position indices and labels to file....
-- Filepath: /local/GitHub/TestBandUPpy/Vasp/Si/input/KPOINTS_SpecialKpoints.pkl
- Done
========================================================================
- Saving PC kpoints to file....
-- Filepath: /local/GitHub/TestBandUPpy/Vasp/Si/input/KPOINTS_PC
- Done
========================================================================
- Saving SC Kpoints - PC kpoints indices mapping to file....
-- Filepath: /local/GitHub/TestBandUPpy/Vasp/Si/input/KPOINTS_SCPC_map.pkl
- Done
========================================================================
- Saving SC dimension to file....
-- Filepath: /local/GitHub/TestBandUPpy/Vasp/Si/input/SC_dimension.dat
- Done
- Generating SC Kpoints - done
========================================================================
- Unfolding band structure...
iprec tag = 45200, record_length = 11344 bytes
number of records for energies and occupancies : 1
Efermi: 5.9815 eV
Input files contain 65 k-points and 30 bands.
Saving 30 bands starting from 1 in the output
Energy cutoff in WAVECAR : 245.345
Energy cutoff reduced to : 245.345
- Total number of unfolded K-points: 65
- K-point indices: [0,1,2,3,4,5,6,7,8,9,10,11,12,13,14,15,16,17,18,19,20,21,22,23,24,25,26,27,28,29,30,31,32,33,34,35,36,37,38,39,40,41,42,43,44,45,46,47,48,49,50,51,52,53,54,55,56,57,58,59,60,61,62,63,64]
Parsing wave functions at k-point #  0
npw = 1365, nspinor = 1, NBin = 30
Generating plane waves at k: ( 0.000  0.000  0.000)
Cycle   0: number of plane waves =          0
Cycle  10: number of plane waves =       1045
N=13, memory=array([False, False, False, False, False, False, False, False, False,
       False])
Reached the maximum number of plane-waves 1365 at N=13, stopping the calculation
Parsing wave functions at k-point #  1
npw = 1361, nspinor = 1, NBin = 30
Generating plane waves at k: ( 0.000  0.050  0.000)
Cycle   0: number of plane waves =          0
Cycle  10: number of plane waves =       1045
N=13, memory=array([False, False, False, False, False, False, False, False, False,
       False])
Reached the maximum number of plane-waves 1361 at N=13, stopping the calculation
Parsing wave functions at k-point #  2
npw = 1370, nspinor = 1, NBin = 30
Generating plane waves at k: ( 0.000  0.100  0.000)
Cycle   0: number of plane waves =          0
Cycle  10: number of plane waves =       1046
N=13, memory=array([False, False, False, False, False, False, False, False, False,
       False])
Reached the maximum number of plane-waves 1370 at N=13, stopping the calculation
Parsing wave functions at k-point #  3
npw = 1374, nspinor = 1, NBin = 30
Generating plane waves at k: ( 0.000  0.150  0.000)
Cycle   0: number of plane waves =          0
Cycle  10: number of plane waves =       1050
N=13, memory=array([False, False, False, False, False, False, False, False, False,
       False])
Reached the maximum number of plane-waves 1374 at N=13, stopping the calculation
Parsing wave functions at k-point #  4
npw = 1386, nspinor = 1, NBin = 30
Generating plane waves at k: ( 0.000  0.200  0.000)
Cycle   0: number of plane waves =          0
Cycle  10: number of plane waves =       1050
N=13, memory=array([False, False, False, False, False, False, False, False, False,
       False])
Reached the maximum number of plane-waves 1386 at N=13, stopping the calculation
Parsing wave functions at k-point #  5
npw = 1406, nspinor = 1, NBin = 30
Generating plane waves at k: ( 0.000  0.250  0.000)
Cycle   0: number of plane waves =          0
Cycle  10: number of plane waves =       1054
N=13, memory=array([False, False, False, False, False, False, False, False, False,
       False])
Reached the maximum number of plane-waves 1406 at N=13, stopping the calculation
Parsing wave functions at k-point #  6
npw = 1410, nspinor = 1, NBin = 30
Generating plane waves at k: ( 0.000  0.300  0.000)
Cycle   0: number of plane waves =          0
Cycle  10: number of plane waves =       1050
N=13, memory=array([False, False, False, False, False, False, False, False, False,
       False])
Reached the maximum number of plane-waves 1410 at N=13, stopping the calculation
Parsing wave functions at k-point #  7
npw = 1402, nspinor = 1, NBin = 30
Generating plane waves at k: ( 0.000  0.350  0.000)
Cycle   0: number of plane waves =          0
Cycle  10: number of plane waves =       1050
N=13, memory=array([False, False, False, False, False, False, False, False, False,
       False])
Reached the maximum number of plane-waves 1402 at N=13, stopping the calculation
Parsing wave functions at k-point #  8
npw = 1398, nspinor = 1, NBin = 30
Generating plane waves at k: ( 0.000  0.400  0.000)
Cycle   0: number of plane waves =          0
Cycle  10: number of plane waves =       1054
N=13, memory=array([False, False, False, False, False, False, False, False, False,
       False])
Reached the maximum number of plane-waves 1398 at N=13, stopping the calculation
Parsing wave functions at k-point #  9
npw = 1414, nspinor = 1, NBin = 30
Generating plane waves at k: ( 0.000  0.450  0.000)
Cycle   0: number of plane waves =          0
Cycle  10: number of plane waves =       1054
N=13, memory=array([False, False, False, False, False, False, False, False, False,
       False])
Reached the maximum number of plane-waves 1414 at N=13, stopping the calculation
Parsing wave functions at k-point # 10
npw = 1406, nspinor = 1, NBin = 30
Generating plane waves at k: ( 0.000  0.500  0.000)
Cycle   0: number of plane waves =          0
Cycle  10: number of plane waves =       1050
N=13, memory=array([False, False, False, False, False, False, False, False, False,
       False])
Reached the maximum number of plane-waves 1406 at N=13, stopping the calculation
Parsing wave functions at k-point # 11
npw = 1414, nspinor = 1, NBin = 30
Generating plane waves at k: ( 0.000  0.550  0.000)
Cycle   0: number of plane waves =          0
Cycle  10: number of plane waves =       1050
N=13, memory=array([False, False, False, False, False, False, False, False, False,
       False])
Reached the maximum number of plane-waves 1414 at N=13, stopping the calculation
Parsing wave functions at k-point # 12
npw = 1398, nspinor = 1, NBin = 30
Generating plane waves at k: ( 0.000  0.600  0.000)
Cycle   0: number of plane waves =          0
Cycle  10: number of plane waves =       1042
N=13, memory=array([False, False, False, False, False, False, False, False, False,
       False])
Reached the maximum number of plane-waves 1398 at N=13, stopping the calculation
Parsing wave functions at k-point # 13
npw = 1402, nspinor = 1, NBin = 30
Generating plane waves at k: ( 0.000  0.650  0.000)
Cycle   0: number of plane waves =          0
Cycle  10: number of plane waves =       1038
N=13, memory=array([False, False, False, False, False, False, False, False, False,
       False])
Reached the maximum number of plane-waves 1402 at N=13, stopping the calculation
Parsing wave functions at k-point # 14
npw = 1410, nspinor = 1, NBin = 30
Generating plane waves at k: ( 0.000  0.700  0.000)
Cycle   0: number of plane waves =          0
Cycle  10: number of plane waves =       1034
N=13, memory=array([False, False, False, False, False, False, False, False, False,
       False])
Reached the maximum number of plane-waves 1410 at N=13, stopping the calculation
Parsing wave functions at k-point # 15
npw = 1406, nspinor = 1, NBin = 30
Generating plane waves at k: ( 0.000  0.750  0.000)
Cycle   0: number of plane waves =          0
Cycle  10: number of plane waves =       1034
N=13, memory=array([False, False, False, False, False, False, False, False, False,
       False])
Reached the maximum number of plane-waves 1406 at N=13, stopping the calculation
Parsing wave functions at k-point # 16
npw = 1386, nspinor = 1, NBin = 30
Generating plane waves at k: ( 0.000  0.800  0.000)
Cycle   0: number of plane waves =          0
Cycle  10: number of plane waves =       1030
N=13, memory=array([False, False, False, False, False, False, False, False, False,
       False])
Reached the maximum number of plane-waves 1386 at N=13, stopping the calculation
Parsing wave functions at k-point # 17
npw = 1374, nspinor = 1, NBin = 30
Generating plane waves at k: ( 0.000  0.850  0.000)
Cycle   0: number of plane waves =          0
Cycle  10: number of plane waves =       1026
N=13, memory=array([False, False, False, False, False, False, False, False, False,
       False])
Reached the maximum number of plane-waves 1374 at N=13, stopping the calculation
Parsing wave functions at k-point # 18
npw = 1370, nspinor = 1, NBin = 30
Generating plane waves at k: ( 0.000  0.900  0.000)
Cycle   0: number of plane waves =          0
Cycle  10: number of plane waves =       1022
N=13, memory=array([False, False, False, False, False, False, False, False, False,
       False])
Reached the maximum number of plane-waves 1370 at N=13, stopping the calculation
Parsing wave functions at k-point # 19
npw = 1361, nspinor = 1, NBin = 30
Generating plane waves at k: ( 0.000  0.950  0.000)
Cycle   0: number of plane waves =          0
Cycle  10: number of plane waves =       1021
N=13, memory=array([False, False, False, False, False, False, False, False, False,
       False])
Reached the maximum number of plane-waves 1361 at N=13, stopping the calculation
Parsing wave functions at k-point # 20
npw = 1361, nspinor = 1, NBin = 30
Generating plane waves at k: ( 0.025  0.025  0.025)
Cycle   0: number of plane waves =          0
Cycle  10: number of plane waves =       1045
N=13, memory=array([False, False, False, False, False, False, False, False, False,
       False])
Reached the maximum number of plane-waves 1361 at N=13, stopping the calculation
Parsing wave functions at k-point # 21
npw = 1363, nspinor = 1, NBin = 30
Generating plane waves at k: ( 0.037  0.037  0.000)
Cycle   0: number of plane waves =          0
Cycle  10: number of plane waves =       1045
N=13, memory=array([False, False, False, False, False, False, False, False, False,
       False])
Reached the maximum number of plane-waves 1363 at N=13, stopping the calculation
Parsing wave functions at k-point # 22
npw = 1363, nspinor = 1, NBin = 30
Generating plane waves at k: ( 0.050  0.000  0.050)
Cycle   0: number of plane waves =          0
Cycle  10: number of plane waves =       1045
N=13, memory=array([False, False, False, False, False, False, False, False, False,
       False])
Reached the maximum number of plane-waves 1363 at N=13, stopping the calculation
Parsing wave functions at k-point # 23
npw = 1367, nspinor = 1, NBin = 30
Generating plane waves at k: ( 0.050  0.050  0.050)
Cycle   0: number of plane waves =          0
Cycle  10: number of plane waves =       1045
N=13, memory=array([False, False, False, False, False, False, False, False, False,
       False])
Reached the maximum number of plane-waves 1367 at N=13, stopping the calculation
Parsing wave functions at k-point # 24
npw = 1373, nspinor = 1, NBin = 30
Generating plane waves at k: ( 0.075  0.075  0.000)
Cycle   0: number of plane waves =          0
Cycle  10: number of plane waves =       1047
N=13, memory=array([False, False, False, False, False, False, False, False, False,
       False])
Reached the maximum number of plane-waves 1373 at N=13, stopping the calculation
Parsing wave functions at k-point # 25
npw = 1376, nspinor = 1, NBin = 30
Generating plane waves at k: ( 0.075  0.075  0.075)
Cycle   0: number of plane waves =          0
Cycle  10: number of plane waves =       1048
N=13, memory=array([False, False, False, False, False, False, False, False, False,
       False])
Reached the maximum number of plane-waves 1376 at N=13, stopping the calculation
Parsing wave functions at k-point # 26
npw = 1378, nspinor = 1, NBin = 30
Generating plane waves at k: ( 0.100  0.000  0.100)
Cycle   0: number of plane waves =          0
Cycle  10: number of plane waves =       1047
N=13, memory=array([False, False, False, False, False, False, False, False, False,
       False])
Reached the maximum number of plane-waves 1378 at N=13, stopping the calculation
Parsing wave functions at k-point # 27
npw = 1391, nspinor = 1, NBin = 30
Generating plane waves at k: ( 0.100  0.100  0.100)
Cycle   0: number of plane waves =          0
Cycle  10: number of plane waves =       1048
N=13, memory=array([False, False, False, False, False, False, False, False, False,
       False])
Reached the maximum number of plane-waves 1391 at N=13, stopping the calculation
Parsing wave functions at k-point # 28
npw = 1382, nspinor = 1, NBin = 30
Generating plane waves at k: ( 0.113  0.113  0.000)
Cycle   0: number of plane waves =          0
Cycle  10: number of plane waves =       1047
N=13, memory=array([False, False, False, False, False, False, False, False, False,
       False])
Reached the maximum number of plane-waves 1382 at N=13, stopping the calculation
Parsing wave functions at k-point # 29
npw = 1391, nspinor = 1, NBin = 30
Generating plane waves at k: ( 0.125  0.125  0.125)
Cycle   0: number of plane waves =          0
Cycle  10: number of plane waves =       1054
N=13, memory=array([False, False, False, False, False, False, False, False, False,
       False])
Reached the maximum number of plane-waves 1391 at N=13, stopping the calculation
Parsing wave functions at k-point # 30
npw = 1394, nspinor = 1, NBin = 30
Generating plane waves at k: ( 0.150  0.150  0.000)
Cycle   0: number of plane waves =          0
Cycle  10: number of plane waves =       1053
N=13, memory=array([False, False, False, False, False, False, False, False, False,
       False])
Reached the maximum number of plane-waves 1394 at N=13, stopping the calculation
Parsing wave functions at k-point # 31
npw = 1382, nspinor = 1, NBin = 30
Generating plane waves at k: ( 0.150  0.150  0.150)
Cycle   0: number of plane waves =          0
Cycle  10: number of plane waves =       1054
N=13, memory=array([False, False, False, False, False, False, False, False, False,
       False])
Reached the maximum number of plane-waves 1382 at N=13, stopping the calculation
Parsing wave functions at k-point # 32
npw = 1394, nspinor = 1, NBin = 30
Generating plane waves at k: ( 0.150  1.000  0.150)
Cycle   0: number of plane waves =          0
Cycle  10: number of plane waves =       1025
N=14, memory=array([False, False, False, False, False, False, False, False, False,
       False])
Reached the maximum number of plane-waves 1394 at N=14, stopping the calculation
Parsing wave functions at k-point # 33
npw = 1394, nspinor = 1, NBin = 30
Generating plane waves at k: ( 0.175  0.175  0.175)
Cycle   0: number of plane waves =          0
Cycle  10: number of plane waves =       1057
N=13, memory=array([False, False, False, False, False, False, False, False, False,
       False])
Reached the maximum number of plane-waves 1394 at N=13, stopping the calculation
Parsing wave functions at k-point # 34
npw = 1398, nspinor = 1, NBin = 30
Generating plane waves at k: ( 0.188  0.188  0.000)
Cycle   0: number of plane waves =          0
Cycle  10: number of plane waves =       1057
N=13, memory=array([False, False, False, False, False, False, False, False, False,
       False])
Reached the maximum number of plane-waves 1398 at N=13, stopping the calculation
Parsing wave functions at k-point # 35
npw = 1404, nspinor = 1, NBin = 30
Generating plane waves at k: ( 0.200  0.000  0.200)
Cycle   0: number of plane waves =          0
Cycle  10: number of plane waves =       1057
N=13, memory=array([False, False, False, False, False, False, False, False, False,
       False])
Reached the maximum number of plane-waves 1404 at N=13, stopping the calculation
Parsing wave functions at k-point # 36
npw = 1391, nspinor = 1, NBin = 30
Generating plane waves at k: ( 0.200  0.200  0.200)
Cycle   0: number of plane waves =          0
Cycle  10: number of plane waves =       1057
N=13, memory=array([False, False, False, False, False, False, False, False, False,
       False])
Reached the maximum number of plane-waves 1391 at N=13, stopping the calculation
Parsing wave functions at k-point # 37
npw = 1392, nspinor = 1, NBin = 30
Generating plane waves at k: ( 0.225  0.225  0.000)
Cycle   0: number of plane waves =          0
Cycle  10: number of plane waves =       1057
N=13, memory=array([False, False, False, False, False, False, False, False, False,
       False])
Reached the maximum number of plane-waves 1392 at N=13, stopping the calculation
Parsing wave functions at k-point # 38
npw = 1394, nspinor = 1, NBin = 30
Generating plane waves at k: ( 0.225  0.225  0.225)
Cycle   0: number of plane waves =          0
Cycle  10: number of plane waves =       1063
N=13, memory=array([False, False, False, False, False, False, False, False, False,
       False])
Reached the maximum number of plane-waves 1394 at N=13, stopping the calculation
Parsing wave functions at k-point # 39
npw = 1376, nspinor = 1, NBin = 30
Generating plane waves at k: ( 0.250  0.000  0.250)
Cycle   0: number of plane waves =          0
Cycle  10: number of plane waves =       1053
N=13, memory=array([False, False, False, False, False, False, False, False, False,
       False])
Reached the maximum number of plane-waves 1376 at N=13, stopping the calculation
Parsing wave functions at k-point # 40
npw = 1394, nspinor = 1, NBin = 30
Generating plane waves at k: ( 0.250  0.250  0.250)
Cycle   0: number of plane waves =          0
Cycle  10: number of plane waves =       1063
N=13, memory=array([False, False, False, False, False, False, False, False, False,
       False])
Reached the maximum number of plane-waves 1394 at N=13, stopping the calculation
Parsing wave functions at k-point # 41
npw = 1388, nspinor = 1, NBin = 30
Generating plane waves at k: ( 0.263  0.263  0.000)
Cycle   0: number of plane waves =          0
Cycle  10: number of plane waves =       1057
N=13, memory=array([False, False, False, False, False, False, False, False, False,
       False])
Reached the maximum number of plane-waves 1388 at N=13, stopping the calculation
Parsing wave functions at k-point # 42
npw = 1406, nspinor = 1, NBin = 30
Generating plane waves at k: ( 0.275  0.275  0.275)
Cycle   0: number of plane waves =          0
Cycle  10: number of plane waves =       1063
N=13, memory=array([False, False, False, False, False, False, False, False, False,
       False])
Reached the maximum number of plane-waves 1406 at N=13, stopping the calculation
Parsing wave functions at k-point # 43
npw = 1390, nspinor = 1, NBin = 30
Generating plane waves at k: ( 0.300  0.300  0.000)
Cycle   0: number of plane waves =          0
Cycle  10: number of plane waves =       1059
N=13, memory=array([False, False, False, False, False, False, False, False, False,
       False])
Reached the maximum number of plane-waves 1390 at N=13, stopping the calculation
Parsing wave functions at k-point # 44
npw = 1412, nspinor = 1, NBin = 30
Generating plane waves at k: ( 0.300  0.300  0.300)
Cycle   0: number of plane waves =          0
Cycle  10: number of plane waves =       1069
N=13, memory=array([False, False, False, False, False, False, False, False, False,
       False])
Reached the maximum number of plane-waves 1412 at N=13, stopping the calculation
Parsing wave functions at k-point # 45
npw = 1412, nspinor = 1, NBin = 30
Generating plane waves at k: ( 0.325  0.325  0.325)
Cycle   0: number of plane waves =          0
Cycle  10: number of plane waves =       1072
N=13, memory=array([False, False, False, False, False, False, False, False, False,
       False])
Reached the maximum number of plane-waves 1412 at N=13, stopping the calculation
Parsing wave functions at k-point # 46
npw = 1380, nspinor = 1, NBin = 30
Generating plane waves at k: ( 0.338  0.338  0.000)
Cycle   0: number of plane waves =          0
Cycle  10: number of plane waves =       1059
N=13, memory=array([False, False, False, False, False, False, False, False, False,
       False])
Reached the maximum number of plane-waves 1380 at N=13, stopping the calculation
Parsing wave functions at k-point # 47
npw = 1418, nspinor = 1, NBin = 30
Generating plane waves at k: ( 0.350  0.350  0.350)
Cycle   0: number of plane waves =          0
Cycle  10: number of plane waves =       1072
N=13, memory=array([False, False, False, False, False, False, False, False, False,
       False])
Reached the maximum number of plane-waves 1418 at N=13, stopping the calculation
Parsing wave functions at k-point # 48
npw = 1400, nspinor = 1, NBin = 30
Generating plane waves at k: ( 0.375  0.375  0.000)
Cycle   0: number of plane waves =          0
Cycle  10: number of plane waves =       1063
N=13, memory=array([False, False, False, False, False, False, False, False, False,
       False])
Reached the maximum number of plane-waves 1400 at N=13, stopping the calculation
Parsing wave functions at k-point # 49
npw = 1403, nspinor = 1, NBin = 30
Generating plane waves at k: ( 0.375  0.375  0.375)
Cycle   0: number of plane waves =          0
Cycle  10: number of plane waves =       1060
N=14, memory=array([False, False, False, False, False, False, False, False, False,
       False])
Reached the maximum number of plane-waves 1403 at N=14, stopping the calculation
Parsing wave functions at k-point # 50
npw = 1412, nspinor = 1, NBin = 30
Generating plane waves at k: ( 0.400  0.400  0.400)
Cycle   0: number of plane waves =          0
Cycle  10: number of plane waves =       1060
N=14, memory=array([False, False, False, False, False, False, False, False, False,
       False])
Reached the maximum number of plane-waves 1412 at N=14, stopping the calculation
Parsing wave functions at k-point # 51
npw = 1408, nspinor = 1, NBin = 30
Generating plane waves at k: ( 0.412  0.412  0.000)
Cycle   0: number of plane waves =          0
Cycle  10: number of plane waves =       1061
N=13, memory=array([False, False, False, False, False, False, False, False, False,
       False])
Reached the maximum number of plane-waves 1408 at N=13, stopping the calculation
Parsing wave functions at k-point # 52
npw = 1406, nspinor = 1, NBin = 30
Generating plane waves at k: ( 0.425  0.425  0.425)
Cycle   0: number of plane waves =          0
Cycle  10: number of plane waves =       1060
N=14, memory=array([False, False, False, False, False, False, False, False, False,
       False])
Reached the maximum number of plane-waves 1406 at N=14, stopping the calculation
Parsing wave functions at k-point # 53
npw = 1388, nspinor = 1, NBin = 30
Generating plane waves at k: ( 0.450  0.450  0.000)
Cycle   0: number of plane waves =          0
Cycle  10: number of plane waves =       1051
N=13, memory=array([False, False, False, False, False, False, False, False, False,
       False])
Reached the maximum number of plane-waves 1388 at N=13, stopping the calculation
Parsing wave functions at k-point # 54
npw = 1394, nspinor = 1, NBin = 30
Generating plane waves at k: ( 0.450  0.450  0.450)
Cycle   0: number of plane waves =          0
Cycle  10: number of plane waves =       1054
N=14, memory=array([False, False, False, False, False, False, False, False, False,
       False])
Reached the maximum number of plane-waves 1394 at N=14, stopping the calculation
Parsing wave functions at k-point # 55
npw = 1376, nspinor = 1, NBin = 30
Generating plane waves at k: ( 0.475  0.475  0.475)
Cycle   0: number of plane waves =          0
Cycle  10: number of plane waves =       1042
N=14, memory=array([False, False, False, False, False, False, False, False, False,
       False])
Reached the maximum number of plane-waves 1376 at N=14, stopping the calculation
Parsing wave functions at k-point # 56
npw = 1372, nspinor = 1, NBin = 30
Generating plane waves at k: ( 0.487  0.487  0.000)
Cycle   0: number of plane waves =          0
Cycle  10: number of plane waves =       1045
N=13, memory=array([False, False, False, False, False, False, False, False, False,
       False])
Reached the maximum number of plane-waves 1372 at N=13, stopping the calculation
Parsing wave functions at k-point # 57
npw = 1376, nspinor = 1, NBin = 30
Generating plane waves at k: ( 0.500  0.500  0.500)
Cycle   0: number of plane waves =          0
Cycle  10: number of plane waves =       1042
N=14, memory=array([False, False, False, False, False, False, False, False, False,
       False])
Reached the maximum number of plane-waves 1376 at N=14, stopping the calculation
Parsing wave functions at k-point # 58
npw = 1374, nspinor = 1, NBin = 30
Generating plane waves at k: ( 0.525  0.525  0.000)
Cycle   0: number of plane waves =          0
Cycle  10: number of plane waves =       1045
N=13, memory=array([False, False, False, False, False, False, False, False, False,
       False])
Reached the maximum number of plane-waves 1374 at N=13, stopping the calculation
Parsing wave functions at k-point # 59
npw = 1398, nspinor = 1, NBin = 30
Generating plane waves at k: ( 0.562  0.562  0.000)
Cycle   0: number of plane waves =          0
Cycle  10: number of plane waves =       1047
N=14, memory=array([False, False, False, False, False, False, False, False, False,
       False])
Reached the maximum number of plane-waves 1398 at N=14, stopping the calculation
Parsing wave functions at k-point # 60
npw = 1400, nspinor = 1, NBin = 30
Generating plane waves at k: ( 0.600  0.600  0.000)
Cycle   0: number of plane waves =          0
Cycle  10: number of plane waves =       1047
N=14, memory=array([False, False, False, False, False, False, False, False, False,
       False])
Reached the maximum number of plane-waves 1400 at N=14, stopping the calculation
Parsing wave functions at k-point # 61
npw = 1392, nspinor = 1, NBin = 30
Generating plane waves at k: ( 0.637  0.637  0.000)
Cycle   0: number of plane waves =          0
Cycle  10: number of plane waves =       1035
N=14, memory=array([False, False, False, False, False, False, False, False, False,
       False])
Reached the maximum number of plane-waves 1392 at N=14, stopping the calculation
Parsing wave functions at k-point # 62
npw = 1384, nspinor = 1, NBin = 30
Generating plane waves at k: ( 0.675  0.675  0.000)
Cycle   0: number of plane waves =          0
Cycle  10: number of plane waves =       1031
N=14, memory=array([False, False, False, False, False, False, False, False, False,
       False])
Reached the maximum number of plane-waves 1384 at N=14, stopping the calculation
Parsing wave functions at k-point # 63
npw = 1390, nspinor = 1, NBin = 30
Generating plane waves at k: ( 0.713  0.713  0.000)
Cycle   0: number of plane waves =          0
Cycle  10: number of plane waves =       1031
N=14, memory=array([False, False, False, False, False, False, False, False, False,
       False])
Reached the maximum number of plane-waves 1390 at N=14, stopping the calculation
Parsing wave functions at k-point # 64
npw = 1376, nspinor = 1, NBin = 30
Generating plane waves at k: ( 0.750  0.750  0.000)
Cycle   0: number of plane waves =          0
Cycle  10: number of plane waves =       1017
N=14, memory=array([False, False, False, False, False, False, False, False, False,
       False])
Reached the maximum number of plane-waves 1376 at N=14, stopping the calculation
========================================================================
- Unfolded PC k-points from postprocessed wavefunction file:[k-index, k on path (A^-1), k1, k2, k3]
--     0  0.00000000    0.50000000    0.50000000    0.50000000
--     1  0.05010495    0.47500000    0.47500000    0.47500000
--     2  0.10020991    0.45000000    0.45000000    0.45000000
--     3  0.15031486    0.42500000    0.42500000    0.42500000
--     4  0.20041982    0.40000000    0.40000000    0.40000000
--     5  0.25052477    0.37500000    0.37500000    0.37500000
--     6  0.30062973    0.35000000    0.35000000    0.35000000
--     7  0.35073468    0.32500000    0.32500000    0.32500000
--     8  0.40083964    0.30000000    0.30000000    0.30000000
--     9  0.45094459    0.27500000    0.27500000    0.27500000
--    10  0.50104955    0.25000000    0.25000000    0.25000000
--    11  0.55115450    0.22500000    0.22500000    0.22500000
--    12  0.60125946    0.20000000    0.20000000    0.20000000
--    13  0.65136441    0.17500000    0.17500000    0.17500000
--    14  0.70146937    0.15000000    0.15000000    0.15000000
--    15  0.75157432    0.12500000    0.12500000    0.12500000
--    16  0.80167928    0.10000000    0.10000000    0.10000000
--    17  0.85178423    0.07500000    0.07500000    0.07500000
--    18  0.90188919    0.05000000    0.05000000    0.05000000
--    19  0.95199414    0.02500000    0.02500000    0.02500000
--    20  1.00209910    0.00000000    0.00000000    0.00000000
--    21  1.00209910    0.00000000    0.00000000    0.00000000
--    22  1.05995531    0.02500000    0.00000000    0.02500000
--    23  1.11781153    0.05000000    0.00000000    0.05000000
--    24  1.17566775    0.07500000    0.00000000    0.07500000
--    25  1.23352397    0.10000000    0.00000000    0.10000000
--    26  1.29138019    0.12500000    0.00000000    0.12500000
--    27  1.34923641    0.15000000    0.00000000    0.15000000
--    28  1.40709262    0.17500000    0.00000000    0.17500000
--    29  1.46494884    0.20000000    0.00000000    0.20000000
--    30  1.52280506    0.22500000    0.00000000    0.22500000
--    31  1.58066128    0.25000000    0.00000000    0.25000000
--    32  1.63851750    0.27500000    0.00000000    0.27500000
--    33  1.69637372    0.30000000    0.00000000    0.30000000
--    34  1.75422993    0.32500000    0.00000000    0.32500000
--    35  1.81208615    0.35000000    0.00000000    0.35000000
--    36  1.86994237    0.37500000    0.00000000    0.37500000
--    37  1.92779859    0.40000000    0.00000000    0.40000000
--    38  1.98565481    0.42500000    0.00000000    0.42500000
--    39  2.04351103    0.45000000    0.00000000    0.45000000
--    40  2.10136724    0.47500000    0.00000000    0.47500000
--    41  2.15922346    0.50000000    0.00000000    0.50000000
--    42  2.15922346    0.50000000    0.00000000    0.50000000
--    43  2.24104451    0.52500000    0.05000000    0.52500000
--    44  2.32286556    0.55000000    0.10000000    0.55000000
--    45  2.40468661    0.57500000    0.15000000    0.57500000
--    46  2.48650766    0.60000000    0.20000000    0.60000000
--    47  2.56832871    0.62500000    0.25000000    0.62500000
--    48  2.56832871    0.37500000    0.37500000    0.75000000
--    49  2.62969449    0.35625000    0.35625000    0.71250000
--    50  2.69106028    0.33750000    0.33750000    0.67500000
--    51  2.75242606    0.31875000    0.31875000    0.63750000
--    52  2.81379185    0.30000000    0.30000000    0.60000000
--    53  2.87515764    0.28125000    0.28125000    0.56250000
--    54  2.93652342    0.26250000    0.26250000    0.52500000
--    55  2.99788921    0.24375000    0.24375000    0.48750000
--    56  3.05925500    0.22500000    0.22500000    0.45000000
--    57  3.12062078    0.20625000    0.20625000    0.41250000
--    58  3.18198657    0.18750000    0.18750000    0.37500000
--    59  3.24335236    0.16875000    0.16875000    0.33750000
--    60  3.30471814    0.15000000    0.15000000    0.30000000
--    61  3.36608393    0.13125000    0.13125000    0.26250000
--    62  3.42744972    0.11250000    0.11250000    0.22500000
--    63  3.48881550    0.09375000    0.09375000    0.18750000
--    64  3.55018129    0.07500000    0.07500000    0.15000000
--    65  3.61154707    0.05625000    0.05625000    0.11250000
--    66  3.67291286    0.03750000    0.03750000    0.07500000
--    67  3.73427865    0.01875000    0.01875000    0.03750000
--    68  3.79564443    0.00000000    0.00000000    0.00000000
========================================================================
- Saving unfolded kpoints to file...
-- Filepath: /local/GitHub/TestBandUPpy/Vasp/Si/results/kpoints_unfolded.dat
- Done
========================================================================
- Saving unfolded bandstructure to file...
-- Filepath: /local/GitHub/TestBandUPpy/Vasp/Si/results/bandstructure_unfolded.dat
- Done
- Unfolding - done
========================================================================
- Plotting band structure...
-- Efermi was set to 0.0000 eV
- Plotting band structures...
-- Efermi was set to 0.0000 eV
- Plotting band structure - done
